error: expected `??` or a two character hex byte
 --> tests/compile_fails/invalid_pattern_hex3.rs:4:17
  |
4 |     pattern!(0, "-1");
  |                 ^^^^
